src/App.tsx(1293,48): error TS6133: 'i' is declared but its value is never read.
src/components/PullToRefresh.tsx(14,9): error TS6133: 'controls' is declared but its value is never read.
